app/(marketing)/become-vendor/page.tsx(80,20): error TS2322: Type '{ children: Element[]; type: string; collapsible: true; className: string; }' is not assignable to type 'IntrinsicAttributes & Props<any>'.
  Property 'type' does not exist on type 'IntrinsicAttributes & Props<any>'.
app/(marketing)/cart/page.tsx(61,21): error TS2322: Type '{ children: Element; asChild: true; className: string; }' is not assignable to type 'IntrinsicAttributes & ButtonProps & VariantProps<(props?: (ConfigVariants<{ variant: { default: string; outline: string; secondary: string; ghost: string; destructive: string; link: string; }; size: { ...; }; }> & ClassProp) | undefined) => string>'.
  Property 'asChild' does not exist on type 'IntrinsicAttributes & ButtonProps & VariantProps<(props?: (ConfigVariants<{ variant: { default: string; outline: string; secondary: string; ghost: string; destructive: string; link: string; }; size: { ...; }; }> & ClassProp) | undefined) => string>'.
app/(marketing)/cart/page.tsx(192,19): error TS2322: Type '{ children: Element; asChild: true; size: "lg"; className: string; }' is not assignable to type 'IntrinsicAttributes & ButtonProps & VariantProps<(props?: (ConfigVariants<{ variant: { default: string; outline: string; secondary: string; ghost: string; destructive: string; link: string; }; size: { ...; }; }> & ClassProp) | undefined) => string>'.
  Property 'asChild' does not exist on type 'IntrinsicAttributes & ButtonProps & VariantProps<(props?: (ConfigVariants<{ variant: { default: string; outline: string; secondary: string; ghost: string; destructive: string; link: string; }; size: { ...; }; }> & ClassProp) | undefined) => string>'.
app/(marketing)/checkout/success/page.tsx(77,17): error TS2322: Type '{ children: Element; asChild: true; size: "lg"; className: string; }' is not assignable to type 'IntrinsicAttributes & ButtonProps & VariantProps<(props?: (ConfigVariants<{ variant: { default: string; outline: string; secondary: string; ghost: string; destructive: string; link: string; }; size: { ...; }; }> & ClassProp) | undefined) => string>'.
  Property 'asChild' does not exist on type 'IntrinsicAttributes & ButtonProps & VariantProps<(props?: (ConfigVariants<{ variant: { default: string; outline: string; secondary: string; ghost: string; destructive: string; link: string; }; size: { ...; }; }> & ClassProp) | undefined) => string>'.
app/(marketing)/checkout/success/page.tsx(82,17): error TS2322: Type '{ children: Element; asChild: true; size: "lg"; variant: "outline"; className: string; }' is not assignable to type 'IntrinsicAttributes & ButtonProps & VariantProps<(props?: (ConfigVariants<{ variant: { default: string; outline: string; secondary: string; ghost: string; destructive: string; link: string; }; size: { ...; }; }> & ClassProp) | undefined) => string>'.
  Property 'asChild' does not exist on type 'IntrinsicAttributes & ButtonProps & VariantProps<(props?: (ConfigVariants<{ variant: { default: string; outline: string; secondary: string; ghost: string; destructive: string; link: string; }; size: { ...; }; }> & ClassProp) | undefined) => string>'.
app/(marketing)/checkout/success/page.tsx(87,17): error TS2322: Type '{ children: Element; asChild: true; size: "lg"; variant: "ghost"; }' is not assignable to type 'IntrinsicAttributes & ButtonProps & VariantProps<(props?: (ConfigVariants<{ variant: { default: string; outline: string; secondary: string; ghost: string; destructive: string; link: string; }; size: { ...; }; }> & ClassProp) | undefined) => string>'.
  Property 'asChild' does not exist on type 'IntrinsicAttributes & ButtonProps & VariantProps<(props?: (ConfigVariants<{ variant: { default: string; outline: string; secondary: string; ghost: string; destructive: string; link: string; }; size: { ...; }; }> & ClassProp) | undefined) => string>'.
app/(marketing)/faq/page.tsx(56,24): error TS2322: Type '{ children: Element[]; type: string; collapsible: true; className: string; }' is not assignable to type 'IntrinsicAttributes & Props<any>'.
  Property 'type' does not exist on type 'IntrinsicAttributes & Props<any>'.
app/(marketing)/page.tsx(156,23): error TS2322: Type '{ children: Element; asChild: true; variant: "secondary"; className: string; }' is not assignable to type 'IntrinsicAttributes & ButtonProps & VariantProps<(props?: (ConfigVariants<{ variant: { default: string; outline: string; secondary: string; ghost: string; destructive: string; link: string; }; size: { ...; }; }> & ClassProp) | undefined) => string>'.
  Property 'asChild' does not exist on type 'IntrinsicAttributes & ButtonProps & VariantProps<(props?: (ConfigVariants<{ variant: { default: string; outline: string; secondary: string; ghost: string; destructive: string; link: string; }; size: { ...; }; }> & ClassProp) | undefined) => string>'.
app/(marketing)/page.tsx(177,19): error TS2322: Type '{ children: Element; asChild: true; variant: "ghost"; className: string; }' is not assignable to type 'IntrinsicAttributes & ButtonProps & VariantProps<(props?: (ConfigVariants<{ variant: { default: string; outline: string; secondary: string; ghost: string; destructive: string; link: string; }; size: { ...; }; }> & ClassProp) | undefined) => string>'.
  Property 'asChild' does not exist on type 'IntrinsicAttributes & ButtonProps & VariantProps<(props?: (ConfigVariants<{ variant: { default: string; outline: string; secondary: string; ghost: string; destructive: string; link: string; }; size: { ...; }; }> & ClassProp) | undefined) => string>'.
app/(marketing)/page.tsx(228,19): error TS2322: Type '{ children: Element; asChild: true; variant: "ghost"; className: string; }' is not assignable to type 'IntrinsicAttributes & ButtonProps & VariantProps<(props?: (ConfigVariants<{ variant: { default: string; outline: string; secondary: string; ghost: string; destructive: string; link: string; }; size: { ...; }; }> & ClassProp) | undefined) => string>'.
  Property 'asChild' does not exist on type 'IntrinsicAttributes & ButtonProps & VariantProps<(props?: (ConfigVariants<{ variant: { default: string; outline: string; secondary: string; ghost: string; destructive: string; link: string; }; size: { ...; }; }> & ClassProp) | undefined) => string>'.
app/(marketing)/page.tsx(245,19): error TS2322: Type '{ children: Element; asChild: true; variant: "ghost"; className: string; }' is not assignable to type 'IntrinsicAttributes & ButtonProps & VariantProps<(props?: (ConfigVariants<{ variant: { default: string; outline: string; secondary: string; ghost: string; destructive: string; link: string; }; size: { ...; }; }> & ClassProp) | undefined) => string>'.
  Property 'asChild' does not exist on type 'IntrinsicAttributes & ButtonProps & VariantProps<(props?: (ConfigVariants<{ variant: { default: string; outline: string; secondary: string; ghost: string; destructive: string; link: string; }; size: { ...; }; }> & ClassProp) | undefined) => string>'.
app/(marketing)/page.tsx(276,19): error TS2322: Type '{ children: Element; asChild: true; size: "lg"; variant: "secondary"; className: string; }' is not assignable to type 'IntrinsicAttributes & ButtonProps & VariantProps<(props?: (ConfigVariants<{ variant: { default: string; outline: string; secondary: string; ghost: string; destructive: string; link: string; }; size: { ...; }; }> & ClassProp) | undefined) => string>'.
  Property 'asChild' does not exist on type 'IntrinsicAttributes & ButtonProps & VariantProps<(props?: (ConfigVariants<{ variant: { default: string; outline: string; secondary: string; ghost: string; destructive: string; link: string; }; size: { ...; }; }> & ClassProp) | undefined) => string>'.
app/(marketing)/products/[slug]/page.tsx(95,57): error TS2322: Type '{ children: Element; variant: "outline"; className: string; asChild: true; }' is not assignable to type 'IntrinsicAttributes & ButtonProps & VariantProps<(props?: (ConfigVariants<{ variant: { default: string; outline: string; secondary: string; ghost: string; destructive: string; link: string; }; size: { ...; }; }> & ClassProp) | undefined) => string>'.
  Property 'asChild' does not exist on type 'IntrinsicAttributes & ButtonProps & VariantProps<(props?: (ConfigVariants<{ variant: { default: string; outline: string; secondary: string; ghost: string; destructive: string; link: string; }; size: { ...; }; }> & ClassProp) | undefined) => string>'.
app/(marketing)/products/[slug]/page.tsx(100,21): error TS2322: Type '{ children: Element; asChild: true; }' is not assignable to type 'IntrinsicAttributes & ButtonProps & VariantProps<(props?: (ConfigVariants<{ variant: { default: string; outline: string; secondary: string; ghost: string; destructive: string; link: string; }; size: { ...; }; }> & ClassProp) | undefined) => string>'.
  Property 'asChild' does not exist on type 'IntrinsicAttributes & ButtonProps & VariantProps<(props?: (ConfigVariants<{ variant: { default: string; outline: string; secondary: string; ghost: string; destructive: string; link: string; }; size: { ...; }; }> & ClassProp) | undefined) => string>'.
app/dashboard/addresses/page.tsx(77,26): error TS2322: Type '{ children: Element; asChild: true; }' is not assignable to type 'IntrinsicAttributes & Props<unknown>'.
  Property 'asChild' does not exist on type 'IntrinsicAttributes & Props<unknown>'.
app/dashboard/orders/[id]/page.tsx(163,37): error TS2322: Type '{ children: Element; variant: "outline"; asChild: true; }' is not assignable to type 'IntrinsicAttributes & ButtonProps & VariantProps<(props?: (ConfigVariants<{ variant: { default: string; outline: string; secondary: string; ghost: string; destructive: string; link: string; }; size: { ...; }; }> & ClassProp) | undefined) => string>'.
  Property 'asChild' does not exist on type 'IntrinsicAttributes & ButtonProps & VariantProps<(props?: (ConfigVariants<{ variant: { default: string; outline: string; secondary: string; ghost: string; destructive: string; link: string; }; size: { ...; }; }> & ClassProp) | undefined) => string>'.
app/dashboard/page.tsx(41,19): error TS2322: Type '{ children: Element; asChild: true; variant: "ghost"; size: "sm"; }' is not assignable to type 'IntrinsicAttributes & ButtonProps & VariantProps<(props?: (ConfigVariants<{ variant: { default: string; outline: string; secondary: string; ghost: string; destructive: string; link: string; }; size: { ...; }; }> & ClassProp) | undefined) => string>'.
  Property 'asChild' does not exist on type 'IntrinsicAttributes & ButtonProps & VariantProps<(props?: (ConfigVariants<{ variant: { default: string; outline: string; secondary: string; ghost: string; destructive: string; link: string; }; size: { ...; }; }> & ClassProp) | undefined) => string>'.
app/dashboard/payment-methods/page.tsx(57,26): error TS2322: Type '{ children: Element; asChild: true; }' is not assignable to type 'IntrinsicAttributes & Props<unknown>'.
  Property 'asChild' does not exist on type 'IntrinsicAttributes & Props<unknown>'.
app/dashboard/support/page.tsx(109,26): error TS2322: Type '{ children: Element; asChild: true; }' is not assignable to type 'IntrinsicAttributes & Props<unknown>'.
  Property 'asChild' does not exist on type 'IntrinsicAttributes & Props<unknown>'.
app/dashboard/wishlist/page.tsx(30,21): error TS2322: Type '{ children: Element; asChild: true; className: string; }' is not assignable to type 'IntrinsicAttributes & ButtonProps & VariantProps<(props?: (ConfigVariants<{ variant: { default: string; outline: string; secondary: string; ghost: string; destructive: string; link: string; }; size: { ...; }; }> & ClassProp) | undefined) => string>'.
  Property 'asChild' does not exist on type 'IntrinsicAttributes & ButtonProps & VariantProps<(props?: (ConfigVariants<{ variant: { default: string; outline: string; secondary: string; ghost: string; destructive: string; link: string; }; size: { ...; }; }> & ClassProp) | undefined) => string>'.
app/error.tsx(33,17): error TS2322: Type '{ children: Element; asChild: true; variant: "outline"; }' is not assignable to type 'IntrinsicAttributes & ButtonProps & VariantProps<(props?: (ConfigVariants<{ variant: { default: string; outline: string; secondary: string; ghost: string; destructive: string; link: string; }; size: { ...; }; }> & ClassProp) | undefined) => string>'.
  Property 'asChild' does not exist on type 'IntrinsicAttributes & ButtonProps & VariantProps<(props?: (ConfigVariants<{ variant: { default: string; outline: string; secondary: string; ghost: string; destructive: string; link: string; }; size: { ...; }; }> & ClassProp) | undefined) => string>'.
app/not-found.tsx(16,17): error TS2322: Type '{ children: Element; asChild: true; className: string; }' is not assignable to type 'IntrinsicAttributes & ButtonProps & VariantProps<(props?: (ConfigVariants<{ variant: { default: string; outline: string; secondary: string; ghost: string; destructive: string; link: string; }; size: { ...; }; }> & ClassProp) | undefined) => string>'.
  Property 'asChild' does not exist on type 'IntrinsicAttributes & ButtonProps & VariantProps<(props?: (ConfigVariants<{ variant: { default: string; outline: string; secondary: string; ghost: string; destructive: string; link: string; }; size: { ...; }; }> & ClassProp) | undefined) => string>'.
app/not-found.tsx(22,17): error TS2322: Type '{ children: Element; asChild: true; variant: "outline"; }' is not assignable to type 'IntrinsicAttributes & ButtonProps & VariantProps<(props?: (ConfigVariants<{ variant: { default: string; outline: string; secondary: string; ghost: string; destructive: string; link: string; }; size: { ...; }; }> & ClassProp) | undefined) => string>'.
  Property 'asChild' does not exist on type 'IntrinsicAttributes & ButtonProps & VariantProps<(props?: (ConfigVariants<{ variant: { default: string; outline: string; secondary: string; ghost: string; destructive: string; link: string; }; size: { ...; }; }> & ClassProp) | undefined) => string>'.
app/vendor/coupons/page.tsx(63,5): error TS2322: Type 'Resolver<{ code: string; description: string; type: "fixed" | "percentage"; value: unknown; usageLimit: unknown; }, any, { code: string; description: string; type: "fixed" | "percentage"; value: number; usageLimit: number; }>' is not assignable to type 'Resolver<{ code: string; description: string; type: "fixed" | "percentage"; value: number; usageLimit: number; }, any, { code: string; description: string; type: "fixed" | "percentage"; value: number; usageLimit: number; }>'.
  Types of parameters 'options' and 'options' are incompatible.
    Type 'ResolverOptions<{ code: string; description: string; type: "fixed" | "percentage"; value: number; usageLimit: number; }>' is not assignable to type 'ResolverOptions<{ code: string; description: string; type: "fixed" | "percentage"; value: unknown; usageLimit: unknown; }>'.
      Type 'unknown' is not assignable to type 'number'.
app/vendor/coupons/page.tsx(105,26): error TS2322: Type '{ children: Element; asChild: true; }' is not assignable to type 'IntrinsicAttributes & Props<unknown>'.
  Property 'asChild' does not exist on type 'IntrinsicAttributes & Props<unknown>'.
app/vendor/coupons/page.tsx(116,49): error TS2345: Argument of type '(values: { code: string; description: string; type: "fixed" | "percentage"; value: number; usageLimit: number; }) => Promise<void>' is not assignable to parameter of type 'SubmitHandler<TFieldValues>'.
  Types of parameters 'values' and 'data' are incompatible.
    Type 'TFieldValues' is not assignable to type '{ code: string; description: string; type: "fixed" | "percentage"; value: number; usageLimit: number; }'.
      Type 'FieldValues' is missing the following properties from type '{ code: string; description: string; type: "fixed" | "percentage"; value: number; usageLimit: number; }': code, description, type, value, usageLimit
app/vendor/coupons/page.tsx(118,19): error TS2322: Type 'Control<{ code: string; description: string; type: "fixed" | "percentage"; value: number; usageLimit: number; }, any, TFieldValues>' is not assignable to type 'Control<{ code: string; description: string; type: "fixed" | "percentage"; value: number; usageLimit: number; }, any, { code: string; description: string; type: "fixed" | "percentage"; value: number; usageLimit: number; }>'.
  The types of '_options.resolver' are incompatible between these types.
    Type 'Resolver<{ code: string; description: string; type: "fixed" | "percentage"; value: number; usageLimit: number; }, any, TFieldValues> | undefined' is not assignable to type 'Resolver<{ code: string; description: string; type: "fixed" | "percentage"; value: number; usageLimit: number; }, any, { code: string; description: string; type: "fixed" | "percentage"; value: number; usageLimit: number; }> | undefined'.
      Type 'Resolver<{ code: string; description: string; type: "fixed" | "percentage"; value: number; usageLimit: number; }, any, TFieldValues>' is not assignable to type 'Resolver<{ code: string; description: string; type: "fixed" | "percentage"; value: number; usageLimit: number; }, any, { code: string; description: string; type: "fixed" | "percentage"; value: number; usageLimit: number; }>'.
        Type 'ResolverResult<{ code: string; description: string; type: "fixed" | "percentage"; value: number; usageLimit: number; }, TFieldValues> | Promise<ResolverResult<{ code: string; description: string; type: "fixed" | "percentage"; value: number; usageLimit: number; }, TFieldValues>>' is not assignable to type 'ResolverResult<{ code: string; description: string; type: "fixed" | "percentage"; value: number; usageLimit: number; }, { code: string; description: string; type: "fixed" | "percentage"; value: number; usageLimit: number; }> | Promise<...>'.
          Type 'ResolverSuccess<TFieldValues>' is not assignable to type 'ResolverResult<{ code: string; description: string; type: "fixed" | "percentage"; value: number; usageLimit: number; }, { code: string; description: string; type: "fixed" | "percentage"; value: number; usageLimit: number; }> | Promise<...>'.
            Type 'ResolverSuccess<TFieldValues>' is not assignable to type 'ResolverSuccess<{ code: string; description: string; type: "fixed" | "percentage"; value: number; usageLimit: number; }>'.
              Type 'TFieldValues' is not assignable to type '{ code: string; description: string; type: "fixed" | "percentage"; value: number; usageLimit: number; }'.
                Type 'FieldValues' is missing the following properties from type '{ code: string; description: string; type: "fixed" | "percentage"; value: number; usageLimit: number; }': code, description, type, value, usageLimit
app/vendor/coupons/page.tsx(131,19): error TS2322: Type 'Control<{ code: string; description: string; type: "fixed" | "percentage"; value: number; usageLimit: number; }, any, TFieldValues>' is not assignable to type 'Control<{ code: string; description: string; type: "fixed" | "percentage"; value: number; usageLimit: number; }, any, { code: string; description: string; type: "fixed" | "percentage"; value: number; usageLimit: number; }>'.
  The types of '_options.resolver' are incompatible between these types.
    Type 'Resolver<{ code: string; description: string; type: "fixed" | "percentage"; value: number; usageLimit: number; }, any, TFieldValues> | undefined' is not assignable to type 'Resolver<{ code: string; description: string; type: "fixed" | "percentage"; value: number; usageLimit: number; }, any, { code: string; description: string; type: "fixed" | "percentage"; value: number; usageLimit: number; }> | undefined'.
      Type 'Resolver<{ code: string; description: string; type: "fixed" | "percentage"; value: number; usageLimit: number; }, any, TFieldValues>' is not assignable to type 'Resolver<{ code: string; description: string; type: "fixed" | "percentage"; value: number; usageLimit: number; }, any, { code: string; description: string; type: "fixed" | "percentage"; value: number; usageLimit: number; }>'.
        Type 'ResolverResult<{ code: string; description: string; type: "fixed" | "percentage"; value: number; usageLimit: number; }, TFieldValues> | Promise<ResolverResult<{ code: string; description: string; type: "fixed" | "percentage"; value: number; usageLimit: number; }, TFieldValues>>' is not assignable to type 'ResolverResult<{ code: string; description: string; type: "fixed" | "percentage"; value: number; usageLimit: number; }, { code: string; description: string; type: "fixed" | "percentage"; value: number; usageLimit: number; }> | Promise<...>'.
          Type 'ResolverSuccess<TFieldValues>' is not assignable to type 'ResolverResult<{ code: string; description: string; type: "fixed" | "percentage"; value: number; usageLimit: number; }, { code: string; description: string; type: "fixed" | "percentage"; value: number; usageLimit: number; }> | Promise<...>'.
            Type 'ResolverSuccess<TFieldValues>' is not assignable to type 'ResolverSuccess<{ code: string; description: string; type: "fixed" | "percentage"; value: number; usageLimit: number; }>'.
              Type 'TFieldValues' is not assignable to type '{ code: string; description: string; type: "fixed" | "percentage"; value: number; usageLimit: number; }'.
                Type 'FieldValues' is missing the following properties from type '{ code: string; description: string; type: "fixed" | "percentage"; value: number; usageLimit: number; }': code, description, type, value, usageLimit
app/vendor/coupons/page.tsx(145,21): error TS2322: Type 'Control<{ code: string; description: string; type: "fixed" | "percentage"; value: number; usageLimit: number; }, any, TFieldValues>' is not assignable to type 'Control<{ code: string; description: string; type: "fixed" | "percentage"; value: number; usageLimit: number; }, any, { code: string; description: string; type: "fixed" | "percentage"; value: number; usageLimit: number; }>'.
  The types of '_options.resolver' are incompatible between these types.
    Type 'Resolver<{ code: string; description: string; type: "fixed" | "percentage"; value: number; usageLimit: number; }, any, TFieldValues> | undefined' is not assignable to type 'Resolver<{ code: string; description: string; type: "fixed" | "percentage"; value: number; usageLimit: number; }, any, { code: string; description: string; type: "fixed" | "percentage"; value: number; usageLimit: number; }> | undefined'.
      Type 'Resolver<{ code: string; description: string; type: "fixed" | "percentage"; value: number; usageLimit: number; }, any, TFieldValues>' is not assignable to type 'Resolver<{ code: string; description: string; type: "fixed" | "percentage"; value: number; usageLimit: number; }, any, { code: string; description: string; type: "fixed" | "percentage"; value: number; usageLimit: number; }>'.
        Type 'ResolverResult<{ code: string; description: string; type: "fixed" | "percentage"; value: number; usageLimit: number; }, TFieldValues> | Promise<ResolverResult<{ code: string; description: string; type: "fixed" | "percentage"; value: number; usageLimit: number; }, TFieldValues>>' is not assignable to type 'ResolverResult<{ code: string; description: string; type: "fixed" | "percentage"; value: number; usageLimit: number; }, { code: string; description: string; type: "fixed" | "percentage"; value: number; usageLimit: number; }> | Promise<...>'.
          Type 'ResolverSuccess<TFieldValues>' is not assignable to type 'ResolverResult<{ code: string; description: string; type: "fixed" | "percentage"; value: number; usageLimit: number; }, { code: string; description: string; type: "fixed" | "percentage"; value: number; usageLimit: number; }> | Promise<...>'.
            Type 'ResolverSuccess<TFieldValues>' is not assignable to type 'ResolverSuccess<{ code: string; description: string; type: "fixed" | "percentage"; value: number; usageLimit: number; }>'.
              Type 'TFieldValues' is not assignable to type '{ code: string; description: string; type: "fixed" | "percentage"; value: number; usageLimit: number; }'.
                Type 'FieldValues' is missing the following properties from type '{ code: string; description: string; type: "fixed" | "percentage"; value: number; usageLimit: number; }': code, description, type, value, usageLimit
app/vendor/coupons/page.tsx(166,21): error TS2322: Type 'Control<{ code: string; description: string; type: "fixed" | "percentage"; value: number; usageLimit: number; }, any, TFieldValues>' is not assignable to type 'Control<{ code: string; description: string; type: "fixed" | "percentage"; value: number; usageLimit: number; }, any, { code: string; description: string; type: "fixed" | "percentage"; value: number; usageLimit: number; }>'.
  The types of '_options.resolver' are incompatible between these types.
    Type 'Resolver<{ code: string; description: string; type: "fixed" | "percentage"; value: number; usageLimit: number; }, any, TFieldValues> | undefined' is not assignable to type 'Resolver<{ code: string; description: string; type: "fixed" | "percentage"; value: number; usageLimit: number; }, any, { code: string; description: string; type: "fixed" | "percentage"; value: number; usageLimit: number; }> | undefined'.
      Type 'Resolver<{ code: string; description: string; type: "fixed" | "percentage"; value: number; usageLimit: number; }, any, TFieldValues>' is not assignable to type 'Resolver<{ code: string; description: string; type: "fixed" | "percentage"; value: number; usageLimit: number; }, any, { code: string; description: string; type: "fixed" | "percentage"; value: number; usageLimit: number; }>'.
        Type 'ResolverResult<{ code: string; description: string; type: "fixed" | "percentage"; value: number; usageLimit: number; }, TFieldValues> | Promise<ResolverResult<{ code: string; description: string; type: "fixed" | "percentage"; value: number; usageLimit: number; }, TFieldValues>>' is not assignable to type 'ResolverResult<{ code: string; description: string; type: "fixed" | "percentage"; value: number; usageLimit: number; }, { code: string; description: string; type: "fixed" | "percentage"; value: number; usageLimit: number; }> | Promise<...>'.
          Type 'ResolverSuccess<TFieldValues>' is not assignable to type 'ResolverResult<{ code: string; description: string; type: "fixed" | "percentage"; value: number; usageLimit: number; }, { code: string; description: string; type: "fixed" | "percentage"; value: number; usageLimit: number; }> | Promise<...>'.
            Type 'ResolverSuccess<TFieldValues>' is not assignable to type 'ResolverSuccess<{ code: string; description: string; type: "fixed" | "percentage"; value: number; usageLimit: number; }>'.
              Type 'TFieldValues' is not assignable to type '{ code: string; description: string; type: "fixed" | "percentage"; value: number; usageLimit: number; }'.
                Type 'FieldValues' is missing the following properties from type '{ code: string; description: string; type: "fixed" | "percentage"; value: number; usageLimit: number; }': code, description, type, value, usageLimit
app/vendor/coupons/page.tsx(180,19): error TS2322: Type 'Control<{ code: string; description: string; type: "fixed" | "percentage"; value: number; usageLimit: number; }, any, TFieldValues>' is not assignable to type 'Control<{ code: string; description: string; type: "fixed" | "percentage"; value: number; usageLimit: number; }, any, { code: string; description: string; type: "fixed" | "percentage"; value: number; usageLimit: number; }>'.
  The types of '_options.resolver' are incompatible between these types.
    Type 'Resolver<{ code: string; description: string; type: "fixed" | "percentage"; value: number; usageLimit: number; }, any, TFieldValues> | undefined' is not assignable to type 'Resolver<{ code: string; description: string; type: "fixed" | "percentage"; value: number; usageLimit: number; }, any, { code: string; description: string; type: "fixed" | "percentage"; value: number; usageLimit: number; }> | undefined'.
      Type 'Resolver<{ code: string; description: string; type: "fixed" | "percentage"; value: number; usageLimit: number; }, any, TFieldValues>' is not assignable to type 'Resolver<{ code: string; description: string; type: "fixed" | "percentage"; value: number; usageLimit: number; }, any, { code: string; description: string; type: "fixed" | "percentage"; value: number; usageLimit: number; }>'.
        Type 'ResolverResult<{ code: string; description: string; type: "fixed" | "percentage"; value: number; usageLimit: number; }, TFieldValues> | Promise<ResolverResult<{ code: string; description: string; type: "fixed" | "percentage"; value: number; usageLimit: number; }, TFieldValues>>' is not assignable to type 'ResolverResult<{ code: string; description: string; type: "fixed" | "percentage"; value: number; usageLimit: number; }, { code: string; description: string; type: "fixed" | "percentage"; value: number; usageLimit: number; }> | Promise<...>'.
          Type 'ResolverSuccess<TFieldValues>' is not assignable to type 'ResolverResult<{ code: string; description: string; type: "fixed" | "percentage"; value: number; usageLimit: number; }, { code: string; description: string; type: "fixed" | "percentage"; value: number; usageLimit: number; }> | Promise<...>'.
            Type 'ResolverSuccess<TFieldValues>' is not assignable to type 'ResolverSuccess<{ code: string; description: string; type: "fixed" | "percentage"; value: number; usageLimit: number; }>'.
              Type 'TFieldValues' is not assignable to type '{ code: string; description: string; type: "fixed" | "percentage"; value: number; usageLimit: number; }'.
                Type 'FieldValues' is missing the following properties from type '{ code: string; description: string; type: "fixed" | "percentage"; value: number; usageLimit: number; }': code, description, type, value, usageLimit
app/vendor/kyc/page.tsx(73,37): error TS2322: Type 'Dispatch<SetStateAction<string>>' is not assignable to type '(value: string | null, eventDetails: SelectRootChangeEventDetails) => void'.
  Types of parameters 'value' and 'value' are incompatible.
    Type 'string | null' is not assignable to type 'SetStateAction<string>'.
      Type 'null' is not assignable to type 'SetStateAction<string>'.
app/vendor/page.tsx(90,19): error TS2322: Type '{ children: Element; asChild: true; variant: "ghost"; size: "sm"; }' is not assignable to type 'IntrinsicAttributes & ButtonProps & VariantProps<(props?: (ConfigVariants<{ variant: { default: string; outline: string; secondary: string; ghost: string; destructive: string; link: string; }; size: { ...; }; }> & ClassProp) | undefined) => string>'.
  Property 'asChild' does not exist on type 'IntrinsicAttributes & ButtonProps & VariantProps<(props?: (ConfigVariants<{ variant: { default: string; outline: string; secondary: string; ghost: string; destructive: string; link: string; }; size: { ...; }; }> & ClassProp) | undefined) => string>'.
app/vendor/products/page.tsx(57,5): error TS2322: Type 'Resolver<{ title: string; price: unknown; stock: unknown; }, any, { title: string; price: number; stock: number; }>' is not assignable to type 'Resolver<{ title: string; price: number; stock: number; }, any, { title: string; price: number; stock: number; }>'.
  Types of parameters 'options' and 'options' are incompatible.
    Type 'ResolverOptions<{ title: string; price: number; stock: number; }>' is not assignable to type 'ResolverOptions<{ title: string; price: unknown; stock: unknown; }>'.
      Type 'unknown' is not assignable to type 'number'.
app/vendor/products/page.tsx(110,26): error TS2322: Type '{ children: Element; asChild: true; }' is not assignable to type 'IntrinsicAttributes & Props<unknown>'.
  Property 'asChild' does not exist on type 'IntrinsicAttributes & Props<unknown>'.
app/vendor/products/page.tsx(121,49): error TS2345: Argument of type '(values: { title: string; price: number; stock: number; }) => Promise<void>' is not assignable to parameter of type 'SubmitHandler<TFieldValues>'.
  Types of parameters 'values' and 'data' are incompatible.
    Type 'TFieldValues' is not assignable to type '{ title: string; price: number; stock: number; }'.
      Type 'FieldValues' is missing the following properties from type '{ title: string; price: number; stock: number; }': title, price, stock
app/vendor/products/page.tsx(123,19): error TS2322: Type 'Control<{ title: string; price: number; stock: number; }, any, TFieldValues>' is not assignable to type 'Control<{ title: string; price: number; stock: number; }, any, { title: string; price: number; stock: number; }>'.
  The types of '_options.resolver' are incompatible between these types.
    Type 'Resolver<{ title: string; price: number; stock: number; }, any, TFieldValues> | undefined' is not assignable to type 'Resolver<{ title: string; price: number; stock: number; }, any, { title: string; price: number; stock: number; }> | undefined'.
      Type 'Resolver<{ title: string; price: number; stock: number; }, any, TFieldValues>' is not assignable to type 'Resolver<{ title: string; price: number; stock: number; }, any, { title: string; price: number; stock: number; }>'.
        Type 'ResolverResult<{ title: string; price: number; stock: number; }, TFieldValues> | Promise<ResolverResult<{ title: string; price: number; stock: number; }, TFieldValues>>' is not assignable to type 'ResolverResult<{ title: string; price: number; stock: number; }, { title: string; price: number; stock: number; }> | Promise<ResolverResult<{ title: string; price: number; stock: number; }, { title: string; price: number; stock: number; }>>'.
          Type 'ResolverSuccess<TFieldValues>' is not assignable to type 'ResolverResult<{ title: string; price: number; stock: number; }, { title: string; price: number; stock: number; }> | Promise<ResolverResult<{ title: string; price: number; stock: number; }, { title: string; price: number; stock: number; }>>'.
            Type 'ResolverSuccess<TFieldValues>' is not assignable to type 'ResolverSuccess<{ title: string; price: number; stock: number; }>'.
              Type 'TFieldValues' is not assignable to type '{ title: string; price: number; stock: number; }'.
                Type 'FieldValues' is missing the following properties from type '{ title: string; price: number; stock: number; }': title, price, stock
app/vendor/products/page.tsx(137,21): error TS2322: Type 'Control<{ title: string; price: number; stock: number; }, any, TFieldValues>' is not assignable to type 'Control<{ title: string; price: number; stock: number; }, any, { title: string; price: number; stock: number; }>'.
  The types of '_options.resolver' are incompatible between these types.
    Type 'Resolver<{ title: string; price: number; stock: number; }, any, TFieldValues> | undefined' is not assignable to type 'Resolver<{ title: string; price: number; stock: number; }, any, { title: string; price: number; stock: number; }> | undefined'.
      Type 'Resolver<{ title: string; price: number; stock: number; }, any, TFieldValues>' is not assignable to type 'Resolver<{ title: string; price: number; stock: number; }, any, { title: string; price: number; stock: number; }>'.
        Type 'ResolverResult<{ title: string; price: number; stock: number; }, TFieldValues> | Promise<ResolverResult<{ title: string; price: number; stock: number; }, TFieldValues>>' is not assignable to type 'ResolverResult<{ title: string; price: number; stock: number; }, { title: string; price: number; stock: number; }> | Promise<ResolverResult<{ title: string; price: number; stock: number; }, { title: string; price: number; stock: number; }>>'.
          Type 'ResolverSuccess<TFieldValues>' is not assignable to type 'ResolverResult<{ title: string; price: number; stock: number; }, { title: string; price: number; stock: number; }> | Promise<ResolverResult<{ title: string; price: number; stock: number; }, { title: string; price: number; stock: number; }>>'.
            Type 'ResolverSuccess<TFieldValues>' is not assignable to type 'ResolverSuccess<{ title: string; price: number; stock: number; }>'.
              Type 'TFieldValues' is not assignable to type '{ title: string; price: number; stock: number; }'.
                Type 'FieldValues' is missing the following properties from type '{ title: string; price: number; stock: number; }': title, price, stock
app/vendor/products/page.tsx(150,21): error TS2322: Type 'Control<{ title: string; price: number; stock: number; }, any, TFieldValues>' is not assignable to type 'Control<{ title: string; price: number; stock: number; }, any, { title: string; price: number; stock: number; }>'.
  The types of '_options.resolver' are incompatible between these types.
    Type 'Resolver<{ title: string; price: number; stock: number; }, any, TFieldValues> | undefined' is not assignable to type 'Resolver<{ title: string; price: number; stock: number; }, any, { title: string; price: number; stock: number; }> | undefined'.
      Type 'Resolver<{ title: string; price: number; stock: number; }, any, TFieldValues>' is not assignable to type 'Resolver<{ title: string; price: number; stock: number; }, any, { title: string; price: number; stock: number; }>'.
        Type 'ResolverResult<{ title: string; price: number; stock: number; }, TFieldValues> | Promise<ResolverResult<{ title: string; price: number; stock: number; }, TFieldValues>>' is not assignable to type 'ResolverResult<{ title: string; price: number; stock: number; }, { title: string; price: number; stock: number; }> | Promise<ResolverResult<{ title: string; price: number; stock: number; }, { title: string; price: number; stock: number; }>>'.
          Type 'ResolverSuccess<TFieldValues>' is not assignable to type 'ResolverResult<{ title: string; price: number; stock: number; }, { title: string; price: number; stock: number; }> | Promise<ResolverResult<{ title: string; price: number; stock: number; }, { title: string; price: number; stock: number; }>>'.
            Type 'ResolverSuccess<TFieldValues>' is not assignable to type 'ResolverSuccess<{ title: string; price: number; stock: number; }>'.
              Type 'TFieldValues' is not assignable to type '{ title: string; price: number; stock: number; }'.
                Type 'FieldValues' is missing the following properties from type '{ title: string; price: number; stock: number; }': title, price, stock
app/vendor/support/page.tsx(109,26): error TS2322: Type '{ children: Element; asChild: true; }' is not assignable to type 'IntrinsicAttributes & Props<unknown>'.
  Property 'asChild' does not exist on type 'IntrinsicAttributes & Props<unknown>'.
app/vendor/withdrawals/page.tsx(68,5): error TS2322: Type 'Resolver<{ amount: unknown; method: string; }, any, { amount: number; method: string; }>' is not assignable to type 'Resolver<{ amount: number; method: string; }, any, { amount: number; method: string; }>'.
  Types of parameters 'options' and 'options' are incompatible.
    Type 'ResolverOptions<{ amount: number; method: string; }>' is not assignable to type 'ResolverOptions<{ amount: unknown; method: string; }>'.
      Type 'unknown' is not assignable to type 'number'.
app/vendor/withdrawals/page.tsx(97,26): error TS2322: Type '{ children: Element; asChild: true; }' is not assignable to type 'IntrinsicAttributes & Props<unknown>'.
  Property 'asChild' does not exist on type 'IntrinsicAttributes & Props<unknown>'.
app/vendor/withdrawals/page.tsx(108,49): error TS2345: Argument of type '(values: { amount: number; method: string; }) => Promise<void>' is not assignable to parameter of type 'SubmitHandler<TFieldValues>'.
  Types of parameters 'values' and 'data' are incompatible.
    Type 'TFieldValues' is not assignable to type '{ amount: number; method: string; }'.
      Type 'FieldValues' is missing the following properties from type '{ amount: number; method: string; }': amount, method
app/vendor/withdrawals/page.tsx(110,19): error TS2322: Type 'Control<{ amount: number; method: string; }, any, TFieldValues>' is not assignable to type 'Control<{ amount: number; method: string; }, any, { amount: number; method: string; }>'.
  The types of '_options.resolver' are incompatible between these types.
    Type 'Resolver<{ amount: number; method: string; }, any, TFieldValues> | undefined' is not assignable to type 'Resolver<{ amount: number; method: string; }, any, { amount: number; method: string; }> | undefined'.
      Type 'Resolver<{ amount: number; method: string; }, any, TFieldValues>' is not assignable to type 'Resolver<{ amount: number; method: string; }, any, { amount: number; method: string; }>'.
        Type 'ResolverResult<{ amount: number; method: string; }, TFieldValues> | Promise<ResolverResult<{ amount: number; method: string; }, TFieldValues>>' is not assignable to type 'ResolverResult<{ amount: number; method: string; }, { amount: number; method: string; }> | Promise<ResolverResult<{ amount: number; method: string; }, { amount: number; method: string; }>>'.
          Type 'ResolverSuccess<TFieldValues>' is not assignable to type 'ResolverResult<{ amount: number; method: string; }, { amount: number; method: string; }> | Promise<ResolverResult<{ amount: number; method: string; }, { amount: number; method: string; }>>'.
            Type 'ResolverSuccess<TFieldValues>' is not assignable to type 'ResolverSuccess<{ amount: number; method: string; }>'.
              Type 'TFieldValues' is not assignable to type '{ amount: number; method: string; }'.
                Type 'FieldValues' is missing the following properties from type '{ amount: number; method: string; }': amount, method
app/vendor/withdrawals/page.tsx(123,19): error TS2322: Type 'Control<{ amount: number; method: string; }, any, TFieldValues>' is not assignable to type 'Control<{ amount: number; method: string; }, any, { amount: number; method: string; }>'.
  The types of '_options.resolver' are incompatible between these types.
    Type 'Resolver<{ amount: number; method: string; }, any, TFieldValues> | undefined' is not assignable to type 'Resolver<{ amount: number; method: string; }, any, { amount: number; method: string; }> | undefined'.
      Type 'Resolver<{ amount: number; method: string; }, any, TFieldValues>' is not assignable to type 'Resolver<{ amount: number; method: string; }, any, { amount: number; method: string; }>'.
        Type 'ResolverResult<{ amount: number; method: string; }, TFieldValues> | Promise<ResolverResult<{ amount: number; method: string; }, TFieldValues>>' is not assignable to type 'ResolverResult<{ amount: number; method: string; }, { amount: number; method: string; }> | Promise<ResolverResult<{ amount: number; method: string; }, { amount: number; method: string; }>>'.
          Type 'ResolverSuccess<TFieldValues>' is not assignable to type 'ResolverResult<{ amount: number; method: string; }, { amount: number; method: string; }> | Promise<ResolverResult<{ amount: number; method: string; }, { amount: number; method: string; }>>'.
            Type 'ResolverSuccess<TFieldValues>' is not assignable to type 'ResolverSuccess<{ amount: number; method: string; }>'.
              Type 'TFieldValues' is not assignable to type '{ amount: number; method: string; }'.
                Type 'FieldValues' is missing the following properties from type '{ amount: number; method: string; }': amount, method
auth.config.ts(23,9): error TS2322: Type 'string' is not assignable to type '"CUSTOMER" | "VENDOR" | "ADMIN" | "SUPER_ADMIN"'.
components/auth/register-form.tsx(31,5): error TS2322: Type 'Resolver<{ name: string; email: string; password: string; confirmPassword: string; acceptTerms: true; role?: "CUSTOMER" | "VENDOR" | undefined; }, any, { name: string; email: string; password: string; confirmPassword: string; role: "CUSTOMER" | "VENDOR"; acceptTerms: true; }>' is not assignable to type 'Resolver<{ name: string; email: string; password: string; confirmPassword: string; role: "CUSTOMER" | "VENDOR"; acceptTerms: true; }, any, { name: string; email: string; password: string; confirmPassword: string; role: "CUSTOMER" | "VENDOR"; acceptTerms: true; }>'.
  Types of parameters 'options' and 'options' are incompatible.
    Type 'ResolverOptions<{ name: string; email: string; password: string; confirmPassword: string; role: "CUSTOMER" | "VENDOR"; acceptTerms: true; }>' is not assignable to type 'ResolverOptions<{ name: string; email: string; password: string; confirmPassword: string; acceptTerms: true; role?: "CUSTOMER" | "VENDOR" | undefined; }>'.
      Type '"CUSTOMER" | "VENDOR" | undefined' is not assignable to type '"CUSTOMER" | "VENDOR"'.
        Type 'undefined' is not assignable to type '"CUSTOMER" | "VENDOR"'.
components/auth/register-form.tsx(58,41): error TS2345: Argument of type '(values: { name: string; email: string; password: string; confirmPassword: string; role: "CUSTOMER" | "VENDOR"; acceptTerms: true; }) => Promise<void>' is not assignable to parameter of type 'SubmitHandler<TFieldValues>'.
  Types of parameters 'values' and 'data' are incompatible.
    Type 'TFieldValues' is not assignable to type '{ name: string; email: string; password: string; confirmPassword: string; role: "CUSTOMER" | "VENDOR"; acceptTerms: true; }'.
      Type 'FieldValues' is missing the following properties from type '{ name: string; email: string; password: string; confirmPassword: string; role: "CUSTOMER" | "VENDOR"; acceptTerms: true; }': name, email, password, confirmPassword, and 2 more.
components/auth/register-form.tsx(60,11): error TS2322: Type 'Control<{ name: string; email: string; password: string; confirmPassword: string; role: "CUSTOMER" | "VENDOR"; acceptTerms: true; }, any, TFieldValues>' is not assignable to type 'Control<{ name: string; email: string; password: string; confirmPassword: string; role: "CUSTOMER" | "VENDOR"; acceptTerms: true; }, any, { name: string; email: string; password: string; confirmPassword: string; role: "CUSTOMER" | "VENDOR"; acceptTerms: true; }>'.
  The types of '_options.resolver' are incompatible between these types.
    Type 'Resolver<{ name: string; email: string; password: string; confirmPassword: string; role: "CUSTOMER" | "VENDOR"; acceptTerms: true; }, any, TFieldValues> | undefined' is not assignable to type 'Resolver<{ name: string; email: string; password: string; confirmPassword: string; role: "CUSTOMER" | "VENDOR"; acceptTerms: true; }, any, { name: string; email: string; password: string; confirmPassword: string; role: "CUSTOMER" | "VENDOR"; acceptTerms: true; }> | undefined'.
      Type 'Resolver<{ name: string; email: string; password: string; confirmPassword: string; role: "CUSTOMER" | "VENDOR"; acceptTerms: true; }, any, TFieldValues>' is not assignable to type 'Resolver<{ name: string; email: string; password: string; confirmPassword: string; role: "CUSTOMER" | "VENDOR"; acceptTerms: true; }, any, { name: string; email: string; password: string; confirmPassword: string; role: "CUSTOMER" | "VENDOR"; acceptTerms: true; }>'.
        Type 'ResolverResult<{ name: string; email: string; password: string; confirmPassword: string; role: "CUSTOMER" | "VENDOR"; acceptTerms: true; }, TFieldValues> | Promise<...>' is not assignable to type 'ResolverResult<{ name: string; email: string; password: string; confirmPassword: string; role: "CUSTOMER" | "VENDOR"; acceptTerms: true; }, { name: string; email: string; password: string; confirmPassword: string; role: "CUSTOMER" | "VENDOR"; acceptTerms: true; }> | Promise<...>'.
          Type 'ResolverSuccess<TFieldValues>' is not assignable to type 'ResolverResult<{ name: string; email: string; password: string; confirmPassword: string; role: "CUSTOMER" | "VENDOR"; acceptTerms: true; }, { name: string; email: string; password: string; confirmPassword: string; role: "CUSTOMER" | "VENDOR"; acceptTerms: true; }> | Promise<...>'.
            Type 'ResolverSuccess<TFieldValues>' is not assignable to type 'ResolverSuccess<{ name: string; email: string; password: string; confirmPassword: string; role: "CUSTOMER" | "VENDOR"; acceptTerms: true; }>'.
              Type 'TFieldValues' is not assignable to type '{ name: string; email: string; password: string; confirmPassword: string; role: "CUSTOMER" | "VENDOR"; acceptTerms: true; }'.
                Type 'FieldValues' is missing the following properties from type '{ name: string; email: string; password: string; confirmPassword: string; role: "CUSTOMER" | "VENDOR"; acceptTerms: true; }': name, email, password, confirmPassword, and 2 more.
components/auth/register-form.tsx(73,11): error TS2322: Type 'Control<{ name: string; email: string; password: string; confirmPassword: string; role: "CUSTOMER" | "VENDOR"; acceptTerms: true; }, any, TFieldValues>' is not assignable to type 'Control<{ name: string; email: string; password: string; confirmPassword: string; role: "CUSTOMER" | "VENDOR"; acceptTerms: true; }, any, { name: string; email: string; password: string; confirmPassword: string; role: "CUSTOMER" | "VENDOR"; acceptTerms: true; }>'.
  The types of '_options.resolver' are incompatible between these types.
    Type 'Resolver<{ name: string; email: string; password: string; confirmPassword: string; role: "CUSTOMER" | "VENDOR"; acceptTerms: true; }, any, TFieldValues> | undefined' is not assignable to type 'Resolver<{ name: string; email: string; password: string; confirmPassword: string; role: "CUSTOMER" | "VENDOR"; acceptTerms: true; }, any, { name: string; email: string; password: string; confirmPassword: string; role: "CUSTOMER" | "VENDOR"; acceptTerms: true; }> | undefined'.
      Type 'Resolver<{ name: string; email: string; password: string; confirmPassword: string; role: "CUSTOMER" | "VENDOR"; acceptTerms: true; }, any, TFieldValues>' is not assignable to type 'Resolver<{ name: string; email: string; password: string; confirmPassword: string; role: "CUSTOMER" | "VENDOR"; acceptTerms: true; }, any, { name: string; email: string; password: string; confirmPassword: string; role: "CUSTOMER" | "VENDOR"; acceptTerms: true; }>'.
        Type 'ResolverResult<{ name: string; email: string; password: string; confirmPassword: string; role: "CUSTOMER" | "VENDOR"; acceptTerms: true; }, TFieldValues> | Promise<...>' is not assignable to type 'ResolverResult<{ name: string; email: string; password: string; confirmPassword: string; role: "CUSTOMER" | "VENDOR"; acceptTerms: true; }, { name: string; email: string; password: string; confirmPassword: string; role: "CUSTOMER" | "VENDOR"; acceptTerms: true; }> | Promise<...>'.
          Type 'ResolverSuccess<TFieldValues>' is not assignable to type 'ResolverResult<{ name: string; email: string; password: string; confirmPassword: string; role: "CUSTOMER" | "VENDOR"; acceptTerms: true; }, { name: string; email: string; password: string; confirmPassword: string; role: "CUSTOMER" | "VENDOR"; acceptTerms: true; }> | Promise<...>'.
            Type 'ResolverSuccess<TFieldValues>' is not assignable to type 'ResolverSuccess<{ name: string; email: string; password: string; confirmPassword: string; role: "CUSTOMER" | "VENDOR"; acceptTerms: true; }>'.
              Type 'TFieldValues' is not assignable to type '{ name: string; email: string; password: string; confirmPassword: string; role: "CUSTOMER" | "VENDOR"; acceptTerms: true; }'.
                Type 'FieldValues' is missing the following properties from type '{ name: string; email: string; password: string; confirmPassword: string; role: "CUSTOMER" | "VENDOR"; acceptTerms: true; }': name, email, password, confirmPassword, and 2 more.
components/auth/register-form.tsx(87,13): error TS2322: Type 'Control<{ name: string; email: string; password: string; confirmPassword: string; role: "CUSTOMER" | "VENDOR"; acceptTerms: true; }, any, TFieldValues>' is not assignable to type 'Control<{ name: string; email: string; password: string; confirmPassword: string; role: "CUSTOMER" | "VENDOR"; acceptTerms: true; }, any, { name: string; email: string; password: string; confirmPassword: string; role: "CUSTOMER" | "VENDOR"; acceptTerms: true; }>'.
  The types of '_options.resolver' are incompatible between these types.
    Type 'Resolver<{ name: string; email: string; password: string; confirmPassword: string; role: "CUSTOMER" | "VENDOR"; acceptTerms: true; }, any, TFieldValues> | undefined' is not assignable to type 'Resolver<{ name: string; email: string; password: string; confirmPassword: string; role: "CUSTOMER" | "VENDOR"; acceptTerms: true; }, any, { name: string; email: string; password: string; confirmPassword: string; role: "CUSTOMER" | "VENDOR"; acceptTerms: true; }> | undefined'.
      Type 'Resolver<{ name: string; email: string; password: string; confirmPassword: string; role: "CUSTOMER" | "VENDOR"; acceptTerms: true; }, any, TFieldValues>' is not assignable to type 'Resolver<{ name: string; email: string; password: string; confirmPassword: string; role: "CUSTOMER" | "VENDOR"; acceptTerms: true; }, any, { name: string; email: string; password: string; confirmPassword: string; role: "CUSTOMER" | "VENDOR"; acceptTerms: true; }>'.
        Type 'ResolverResult<{ name: string; email: string; password: string; confirmPassword: string; role: "CUSTOMER" | "VENDOR"; acceptTerms: true; }, TFieldValues> | Promise<...>' is not assignable to type 'ResolverResult<{ name: string; email: string; password: string; confirmPassword: string; role: "CUSTOMER" | "VENDOR"; acceptTerms: true; }, { name: string; email: string; password: string; confirmPassword: string; role: "CUSTOMER" | "VENDOR"; acceptTerms: true; }> | Promise<...>'.
          Type 'ResolverSuccess<TFieldValues>' is not assignable to type 'ResolverResult<{ name: string; email: string; password: string; confirmPassword: string; role: "CUSTOMER" | "VENDOR"; acceptTerms: true; }, { name: string; email: string; password: string; confirmPassword: string; role: "CUSTOMER" | "VENDOR"; acceptTerms: true; }> | Promise<...>'.
            Type 'ResolverSuccess<TFieldValues>' is not assignable to type 'ResolverSuccess<{ name: string; email: string; password: string; confirmPassword: string; role: "CUSTOMER" | "VENDOR"; acceptTerms: true; }>'.
              Type 'TFieldValues' is not assignable to type '{ name: string; email: string; password: string; confirmPassword: string; role: "CUSTOMER" | "VENDOR"; acceptTerms: true; }'.
                Type 'FieldValues' is missing the following properties from type '{ name: string; email: string; password: string; confirmPassword: string; role: "CUSTOMER" | "VENDOR"; acceptTerms: true; }': name, email, password, confirmPassword, and 2 more.
components/auth/register-form.tsx(100,13): error TS2322: Type 'Control<{ name: string; email: string; password: string; confirmPassword: string; role: "CUSTOMER" | "VENDOR"; acceptTerms: true; }, any, TFieldValues>' is not assignable to type 'Control<{ name: string; email: string; password: string; confirmPassword: string; role: "CUSTOMER" | "VENDOR"; acceptTerms: true; }, any, { name: string; email: string; password: string; confirmPassword: string; role: "CUSTOMER" | "VENDOR"; acceptTerms: true; }>'.
  The types of '_options.resolver' are incompatible between these types.
    Type 'Resolver<{ name: string; email: string; password: string; confirmPassword: string; role: "CUSTOMER" | "VENDOR"; acceptTerms: true; }, any, TFieldValues> | undefined' is not assignable to type 'Resolver<{ name: string; email: string; password: string; confirmPassword: string; role: "CUSTOMER" | "VENDOR"; acceptTerms: true; }, any, { name: string; email: string; password: string; confirmPassword: string; role: "CUSTOMER" | "VENDOR"; acceptTerms: true; }> | undefined'.
      Type 'Resolver<{ name: string; email: string; password: string; confirmPassword: string; role: "CUSTOMER" | "VENDOR"; acceptTerms: true; }, any, TFieldValues>' is not assignable to type 'Resolver<{ name: string; email: string; password: string; confirmPassword: string; role: "CUSTOMER" | "VENDOR"; acceptTerms: true; }, any, { name: string; email: string; password: string; confirmPassword: string; role: "CUSTOMER" | "VENDOR"; acceptTerms: true; }>'.
        Type 'ResolverResult<{ name: string; email: string; password: string; confirmPassword: string; role: "CUSTOMER" | "VENDOR"; acceptTerms: true; }, TFieldValues> | Promise<...>' is not assignable to type 'ResolverResult<{ name: string; email: string; password: string; confirmPassword: string; role: "CUSTOMER" | "VENDOR"; acceptTerms: true; }, { name: string; email: string; password: string; confirmPassword: string; role: "CUSTOMER" | "VENDOR"; acceptTerms: true; }> | Promise<...>'.
          Type 'ResolverSuccess<TFieldValues>' is not assignable to type 'ResolverResult<{ name: string; email: string; password: string; confirmPassword: string; role: "CUSTOMER" | "VENDOR"; acceptTerms: true; }, { name: string; email: string; password: string; confirmPassword: string; role: "CUSTOMER" | "VENDOR"; acceptTerms: true; }> | Promise<...>'.
            Type 'ResolverSuccess<TFieldValues>' is not assignable to type 'ResolverSuccess<{ name: string; email: string; password: string; confirmPassword: string; role: "CUSTOMER" | "VENDOR"; acceptTerms: true; }>'.
              Type 'TFieldValues' is not assignable to type '{ name: string; email: string; password: string; confirmPassword: string; role: "CUSTOMER" | "VENDOR"; acceptTerms: true; }'.
                Type 'FieldValues' is missing the following properties from type '{ name: string; email: string; password: string; confirmPassword: string; role: "CUSTOMER" | "VENDOR"; acceptTerms: true; }': name, email, password, confirmPassword, and 2 more.
components/auth/register-form.tsx(115,11): error TS2322: Type 'Control<{ name: string; email: string; password: string; confirmPassword: string; role: "CUSTOMER" | "VENDOR"; acceptTerms: true; }, any, TFieldValues>' is not assignable to type 'Control<{ name: string; email: string; password: string; confirmPassword: string; role: "CUSTOMER" | "VENDOR"; acceptTerms: true; }, any, { name: string; email: string; password: string; confirmPassword: string; role: "CUSTOMER" | "VENDOR"; acceptTerms: true; }>'.
  The types of '_options.resolver' are incompatible between these types.
    Type 'Resolver<{ name: string; email: string; password: string; confirmPassword: string; role: "CUSTOMER" | "VENDOR"; acceptTerms: true; }, any, TFieldValues> | undefined' is not assignable to type 'Resolver<{ name: string; email: string; password: string; confirmPassword: string; role: "CUSTOMER" | "VENDOR"; acceptTerms: true; }, any, { name: string; email: string; password: string; confirmPassword: string; role: "CUSTOMER" | "VENDOR"; acceptTerms: true; }> | undefined'.
      Type 'Resolver<{ name: string; email: string; password: string; confirmPassword: string; role: "CUSTOMER" | "VENDOR"; acceptTerms: true; }, any, TFieldValues>' is not assignable to type 'Resolver<{ name: string; email: string; password: string; confirmPassword: string; role: "CUSTOMER" | "VENDOR"; acceptTerms: true; }, any, { name: string; email: string; password: string; confirmPassword: string; role: "CUSTOMER" | "VENDOR"; acceptTerms: true; }>'.
        Type 'ResolverResult<{ name: string; email: string; password: string; confirmPassword: string; role: "CUSTOMER" | "VENDOR"; acceptTerms: true; }, TFieldValues> | Promise<...>' is not assignable to type 'ResolverResult<{ name: string; email: string; password: string; confirmPassword: string; role: "CUSTOMER" | "VENDOR"; acceptTerms: true; }, { name: string; email: string; password: string; confirmPassword: string; role: "CUSTOMER" | "VENDOR"; acceptTerms: true; }> | Promise<...>'.
          Type 'ResolverSuccess<TFieldValues>' is not assignable to type 'ResolverResult<{ name: string; email: string; password: string; confirmPassword: string; role: "CUSTOMER" | "VENDOR"; acceptTerms: true; }, { name: string; email: string; password: string; confirmPassword: string; role: "CUSTOMER" | "VENDOR"; acceptTerms: true; }> | Promise<...>'.
            Type 'ResolverSuccess<TFieldValues>' is not assignable to type 'ResolverSuccess<{ name: string; email: string; password: string; confirmPassword: string; role: "CUSTOMER" | "VENDOR"; acceptTerms: true; }>'.
              Type 'TFieldValues' is not assignable to type '{ name: string; email: string; password: string; confirmPassword: string; role: "CUSTOMER" | "VENDOR"; acceptTerms: true; }'.
                Type 'FieldValues' is missing the following properties from type '{ name: string; email: string; password: string; confirmPassword: string; role: "CUSTOMER" | "VENDOR"; acceptTerms: true; }': name, email, password, confirmPassword, and 2 more.
components/auth/register-form.tsx(142,11): error TS2322: Type 'Control<{ name: string; email: string; password: string; confirmPassword: string; role: "CUSTOMER" | "VENDOR"; acceptTerms: true; }, any, TFieldValues>' is not assignable to type 'Control<{ name: string; email: string; password: string; confirmPassword: string; role: "CUSTOMER" | "VENDOR"; acceptTerms: true; }, any, { name: string; email: string; password: string; confirmPassword: string; role: "CUSTOMER" | "VENDOR"; acceptTerms: true; }>'.
  The types of '_options.resolver' are incompatible between these types.
    Type 'Resolver<{ name: string; email: string; password: string; confirmPassword: string; role: "CUSTOMER" | "VENDOR"; acceptTerms: true; }, any, TFieldValues> | undefined' is not assignable to type 'Resolver<{ name: string; email: string; password: string; confirmPassword: string; role: "CUSTOMER" | "VENDOR"; acceptTerms: true; }, any, { name: string; email: string; password: string; confirmPassword: string; role: "CUSTOMER" | "VENDOR"; acceptTerms: true; }> | undefined'.
      Type 'Resolver<{ name: string; email: string; password: string; confirmPassword: string; role: "CUSTOMER" | "VENDOR"; acceptTerms: true; }, any, TFieldValues>' is not assignable to type 'Resolver<{ name: string; email: string; password: string; confirmPassword: string; role: "CUSTOMER" | "VENDOR"; acceptTerms: true; }, any, { name: string; email: string; password: string; confirmPassword: string; role: "CUSTOMER" | "VENDOR"; acceptTerms: true; }>'.
        Type 'ResolverResult<{ name: string; email: string; password: string; confirmPassword: string; role: "CUSTOMER" | "VENDOR"; acceptTerms: true; }, TFieldValues> | Promise<...>' is not assignable to type 'ResolverResult<{ name: string; email: string; password: string; confirmPassword: string; role: "CUSTOMER" | "VENDOR"; acceptTerms: true; }, { name: string; email: string; password: string; confirmPassword: string; role: "CUSTOMER" | "VENDOR"; acceptTerms: true; }> | Promise<...>'.
          Type 'ResolverSuccess<TFieldValues>' is not assignable to type 'ResolverResult<{ name: string; email: string; password: string; confirmPassword: string; role: "CUSTOMER" | "VENDOR"; acceptTerms: true; }, { name: string; email: string; password: string; confirmPassword: string; role: "CUSTOMER" | "VENDOR"; acceptTerms: true; }> | Promise<...>'.
            Type 'ResolverSuccess<TFieldValues>' is not assignable to type 'ResolverSuccess<{ name: string; email: string; password: string; confirmPassword: string; role: "CUSTOMER" | "VENDOR"; acceptTerms: true; }>'.
              Type 'TFieldValues' is not assignable to type '{ name: string; email: string; password: string; confirmPassword: string; role: "CUSTOMER" | "VENDOR"; acceptTerms: true; }'.
                Type 'FieldValues' is missing the following properties from type '{ name: string; email: string; password: string; confirmPassword: string; role: "CUSTOMER" | "VENDOR"; acceptTerms: true; }': name, email, password, confirmPassword, and 2 more.
components/cart/cart-sheet.tsx(30,21): error TS2322: Type '{ children: Element; asChild: true; }' is not assignable to type 'IntrinsicAttributes & Props<unknown>'.
  Property 'asChild' does not exist on type 'IntrinsicAttributes & Props<unknown>'.
components/cart/cart-sheet.tsx(54,21): error TS2322: Type '{ children: Element; asChild: true; className: string; onClick: () => { payload: boolean; type: "cart/setCartOpen"; }; }' is not assignable to type 'IntrinsicAttributes & ButtonProps & VariantProps<(props?: (ConfigVariants<{ variant: { default: string; outline: string; secondary: string; ghost: string; destructive: string; link: string; }; size: { ...; }; }> & ClassProp) | undefined) => string>'.
  Property 'asChild' does not exist on type 'IntrinsicAttributes & ButtonProps & VariantProps<(props?: (ConfigVariants<{ variant: { default: string; outline: string; secondary: string; ghost: string; destructive: string; link: string; }; size: { ...; }; }> & ClassProp) | undefined) => string>'.
components/cart/cart-sheet.tsx(142,23): error TS2322: Type '{ children: Element; asChild: true; size: "lg"; className: string; onClick: () => { payload: boolean; type: "cart/setCartOpen"; }; }' is not assignable to type 'IntrinsicAttributes & ButtonProps & VariantProps<(props?: (ConfigVariants<{ variant: { default: string; outline: string; secondary: string; ghost: string; destructive: string; link: string; }; size: { ...; }; }> & ClassProp) | undefined) => string>'.
  Property 'asChild' does not exist on type 'IntrinsicAttributes & ButtonProps & VariantProps<(props?: (ConfigVariants<{ variant: { default: string; outline: string; secondary: string; ghost: string; destructive: string; link: string; }; size: { ...; }; }> & ClassProp) | undefined) => string>'.
components/cart/cart-sheet.tsx(145,23): error TS2322: Type '{ children: Element; asChild: true; variant: "outline"; size: "lg"; className: string; onClick: () => { payload: boolean; type: "cart/setCartOpen"; }; }' is not assignable to type 'IntrinsicAttributes & ButtonProps & VariantProps<(props?: (ConfigVariants<{ variant: { default: string; outline: string; secondary: string; ghost: string; destructive: string; link: string; }; size: { ...; }; }> & ClassProp) | undefined) => string>'.
  Property 'asChild' does not exist on type 'IntrinsicAttributes & ButtonProps & VariantProps<(props?: (ConfigVariants<{ variant: { default: string; outline: string; secondary: string; ghost: string; destructive: string; link: string; }; size: { ...; }; }> & ClassProp) | undefined) => string>'.
components/dashboard/dashboard-shell.tsx(99,29): error TS2322: Type '{ children: Element; asChild: true; }' is not assignable to type 'IntrinsicAttributes & Props<unknown>'.
  Property 'asChild' does not exist on type 'IntrinsicAttributes & Props<unknown>'.
components/dashboard/revenue-chart.tsx(36,13): error TS2322: Type '(value: number) => string' is not assignable to type 'Formatter<ValueType, NameType> & ((value: ValueType, name: NameType, item: TooltipPayloadEntry, index: number, payload: TooltipPayload) => ReactNode | [...])'.
  Type '(value: number) => string' is not assignable to type 'Formatter<ValueType, NameType>'.
    Types of parameters 'value' and 'value' are incompatible.
      Type 'ValueType | undefined' is not assignable to type 'number'.
        Type 'undefined' is not assignable to type 'number'.
components/layout/site-header.tsx(59,25): error TS2322: Type '{ children: Element; asChild: true; }' is not assignable to type 'IntrinsicAttributes & Props<unknown>'.
  Property 'asChild' does not exist on type 'IntrinsicAttributes & Props<unknown>'.
components/layout/site-header.tsx(138,90): error TS2322: Type '{ children: Element; variant: "ghost"; size: "icon"; className: string; "aria-label": string; asChild: true; }' is not assignable to type 'IntrinsicAttributes & ButtonProps & VariantProps<(props?: (ConfigVariants<{ variant: { default: string; outline: string; secondary: string; ghost: string; destructive: string; link: string; }; size: { ...; }; }> & ClassProp) | undefined) => string>'.
  Property 'asChild' does not exist on type 'IntrinsicAttributes & ButtonProps & VariantProps<(props?: (ConfigVariants<{ variant: { default: string; outline: string; secondary: string; ghost: string; destructive: string; link: string; }; size: { ...; }; }> & ClassProp) | undefined) => string>'.
components/layout/site-header.tsx(150,19): error TS2322: Type '{ children: Element; asChild: true; className: string; }' is not assignable to type 'IntrinsicAttributes & ButtonProps & VariantProps<(props?: (ConfigVariants<{ variant: { default: string; outline: string; secondary: string; ghost: string; destructive: string; link: string; }; size: { ...; }; }> & ClassProp) | undefined) => string>'.
  Property 'asChild' does not exist on type 'IntrinsicAttributes & ButtonProps & VariantProps<(props?: (ConfigVariants<{ variant: { default: string; outline: string; secondary: string; ghost: string; destructive: string; link: string; }; size: { ...; }; }> & ClassProp) | undefined) => string>'.
components/layout/site-header.tsx(171,64): error TS2322: Type '{ children: Element; variant: "ghost"; size: "icon"; "aria-label": string; asChild: true; className: string; }' is not assignable to type 'IntrinsicAttributes & ButtonProps & VariantProps<(props?: (ConfigVariants<{ variant: { default: string; outline: string; secondary: string; ghost: string; destructive: string; link: string; }; size: { ...; }; }> & ClassProp) | undefined) => string>'.
  Property 'asChild' does not exist on type 'IntrinsicAttributes & ButtonProps & VariantProps<(props?: (ConfigVariants<{ variant: { default: string; outline: string; secondary: string; ghost: string; destructive: string; link: string; }; size: { ...; }; }> & ClassProp) | undefined) => string>'.
components/layout/site-header.tsx(184,28): error TS2322: Type '{ children: Element; asChild: true; }' is not assignable to type 'IntrinsicAttributes & Props<unknown>'.
  Property 'asChild' does not exist on type 'IntrinsicAttributes & Props<unknown>'.
components/layout/site-header.tsx(198,27): error TS2322: Type '{ children: Element; asChild: true; }' is not assignable to type 'IntrinsicAttributes & MenuItemProps & { inset?: boolean | undefined; variant?: "default" | "destructive" | undefined; }'.
  Property 'asChild' does not exist on type 'IntrinsicAttributes & MenuItemProps & { inset?: boolean | undefined; variant?: "default" | "destructive" | undefined; }'.
components/layout/site-header.tsx(201,27): error TS2322: Type '{ children: Element; asChild: true; }' is not assignable to type 'IntrinsicAttributes & MenuItemProps & { inset?: boolean | undefined; variant?: "default" | "destructive" | undefined; }'.
  Property 'asChild' does not exist on type 'IntrinsicAttributes & MenuItemProps & { inset?: boolean | undefined; variant?: "default" | "destructive" | undefined; }'.
components/marketplace/checkout-form.tsx(111,19): error TS2322: Type '{ children: Element; asChild: true; className: string; }' is not assignable to type 'IntrinsicAttributes & ButtonProps & VariantProps<(props?: (ConfigVariants<{ variant: { default: string; outline: string; secondary: string; ghost: string; destructive: string; link: string; }; size: { ...; }; }> & ClassProp) | undefined) => string>'.
  Property 'asChild' does not exist on type 'IntrinsicAttributes & ButtonProps & VariantProps<(props?: (ConfigVariants<{ variant: { default: string; outline: string; secondary: string; ghost: string; destructive: string; link: string; }; size: { ...; }; }> & ClassProp) | undefined) => string>'.
components/marketplace/product-filters.tsx(83,11): error TS2322: Type '{ min: number; max: number; step: number; value: [number, number]; onValueChange: (value: number | readonly number[]) => void; onValueCommit: () => void; }' is not assignable to type 'IntrinsicAttributes & Props<number | readonly number[]>'.
  Property 'onValueCommit' does not exist on type 'IntrinsicAttributes & Props<number | readonly number[]>'. Did you mean 'onValueCommitted'?
components/marketplace/product-filters.tsx(135,23): error TS2322: Type '{ children: Element; asChild: true; }' is not assignable to type 'IntrinsicAttributes & Props<unknown>'.
  Property 'asChild' does not exist on type 'IntrinsicAttributes & Props<unknown>'.
components/marketplace/sort-select.tsx(38,29): error TS2322: Type '(value: string) => void' is not assignable to type '(value: string | null, eventDetails: SelectRootChangeEventDetails) => void'.
  Types of parameters 'value' and 'value' are incompatible.
    Type 'string | null' is not assignable to type 'string'.
      Type 'null' is not assignable to type 'string'.
middleware.ts(25,21): error TS2769: No overload matches this call.
  Overload 1 of 5, '(args_0: GetServerSidePropsContext): Promise<Session | null>', gave the following error.
    Argument of type '(request: NextRequest & { auth?: { user?: { role?: string; }; }; }) => NextResponse<unknown>' is not assignable to parameter of type 'GetServerSidePropsContext'.
  Overload 2 of 5, '(args_0: (req: NextAuthRequest, ctx: AppRouteHandlerFnContext) => void | Response | Promise<void | Response>): AppRouteHandlerFn', gave the following error.
    Argument of type '(request: NextRequest & { auth?: { user?: { role?: string; }; }; }) => NextResponse<unknown>' is not assignable to parameter of type '(req: NextAuthRequest, ctx: AppRouteHandlerFnContext) => void | Response | Promise<void | Response>'.
      Types of parameters 'request' and 'req' are incompatible.
        Type 'NextAuthRequest' is not assignable to type 'NextRequest & { auth?: { user?: { role?: string | undefined; } | undefined; } | undefined; }'.
          Type 'NextAuthRequest' is not assignable to type '{ auth?: { user?: { role?: string | undefined; } | undefined; } | undefined; }'.
            Types of property 'auth' are incompatible.
              Type 'Session | null' is not assignable to type '{ user?: { role?: string | undefined; } | undefined; } | undefined'.
                Type 'null' is not assignable to type '{ user?: { role?: string | undefined; } | undefined; } | undefined'.
  Overload 3 of 5, '(args_0: NextAuthMiddleware): NextMiddleware', gave the following error.
    Argument of type '(request: NextRequest & { auth?: { user?: { role?: string; }; }; }) => NextResponse<unknown>' is not assignable to parameter of type 'NextAuthMiddleware'.
      Types of parameters 'request' and 'request' are incompatible.
        Type 'NextAuthRequest' is not assignable to type 'NextRequest & { auth?: { user?: { role?: string | undefined; } | undefined; } | undefined; }'.
          Type 'NextAuthRequest' is not assignable to type '{ auth?: { user?: { role?: string | undefined; } | undefined; } | undefined; }'.
            Types of property 'auth' are incompatible.
              Type 'Session | null' is not assignable to type '{ user?: { role?: string | undefined; } | undefined; } | undefined'.
                Type 'null' is not assignable to type '{ user?: { role?: string | undefined; } | undefined; } | undefined'.
store/index.ts(30,7): error TS2353: Object literal may only specify known properties, and 'cart' does not exist in type 'Reducer<{ cart: CartState; wishlist: WishlistState; compare: CompareState; ui: UiState; }, UnknownAction, never>'.
